═══════════════════════════════════════════════════════
  StreamCast - Live Streaming Platform v1.0.0
═══════════════════════════════════════════════════════
[Init] Initializing database...
[DB] Sample data exists, skipping seed.
[Init] Database initialized successfully.
[5/22/2026, 9:57:50 AM] [INFO] Node-Media-Server v4.2.4
[5/22/2026, 9:57:50 AM] [INFO] Homepage: https://github.com/illuspas/Node-Media-Server
[5/22/2026, 9:57:50 AM] [INFO] License: Apache-2.0
[5/22/2026, 9:57:50 AM] [INFO] Author: Chen Mingliang
[NMS] Node Media Server started (RTMP:1935, HTTP:8001)
[5/22/2026, 9:57:50 AM] [INFO] WebSocket server listening on port undefined:8001
[5/22/2026, 9:57:50 AM] [INFO] HTTP server listening on port undefined:8001
[5/22/2026, 9:57:50 AM] [INFO] Rtmp Server listening on port undefined:1935
